OUT:
Buildfile: [TestData]/build.xml

build:
    [mkdir] Created dir: [Temp]/lib
     [copy] Copying 2 files to [Temp]/lib
[kotlin2js] Compiling [[Temp]/lib] => [[Temp]/lib/jslib-example.js]
[kotlin2js] Compiling [[TestData]/root1] => [[Temp]/out.js]
     [copy] Copying 2 files to [Temp]

BUILD SUCCESSFUL
Total time: [time]

Return code: 0
